Archive member included to satisfy reference by file (symbol)

/opt/st/stm32cubeide_1.5.0/plugins/com.st.stm32cube.ide.mcu.externaltools.gnu-tools-for-stm32.7-2018-q2-update.linux64_1.5.0.202011040924/tools/bin/../lib/gcc/arm-none-eabi/7.3.1/../../../../arm-none-eabi/lib/thumb/v7e-m/fpv4-sp/hard/libc_nano.a(lib_a-errno.o)
                              Core/Src/syscalls.o (__errno)
/opt/st/stm32cubeide_1.5.0/plugins/com.st.stm32cube.ide.mcu.externaltools.gnu-tools-for-stm32.7-2018-q2-update.linux64_1.5.0.202011040924/tools/bin/../lib/gcc/arm-none-eabi/7.3.1/../../../../arm-none-eabi/lib/thumb/v7e-m/fpv4-sp/hard/libc_nano.a(lib_a-exit.o)
                              /opt/st/stm32cubeide_1.5.0/plugins/com.st.stm32cube.ide.mcu.externaltools.gnu-tools-for-stm32.7-2018-q2-update.linux64_1.5.0.202011040924/tools/bin/../lib/gcc/arm-none-eabi/7.3.1/../../../../arm-none-eabi/lib/thumb/v7e-m/fpv4-sp/hard/crt0.o (exit)
/opt/st/stm32cubeide_1.5.0/plugins/com.st.stm32cube.ide.mcu.externaltools.gnu-tools-for-stm32.7-2018-q2-update.linux64_1.5.0.202011040924/tools/bin/../lib/gcc/arm-none-eabi/7.3.1/../../../../arm-none-eabi/lib/thumb/v7e-m/fpv4-sp/hard/libc_nano.a(lib_a-impure.o)
                              /opt/st/stm32cubeide_1.5.0/plugins/com.st.stm32cube.ide.mcu.externaltools.gnu-tools-for-stm32.7-2018-q2-update.linux64_1.5.0.202011040924/tools/bin/../lib/gcc/arm-none-eabi/7.3.1/../../../../arm-none-eabi/lib/thumb/v7e-m/fpv4-sp/hard/libc_nano.a(lib_a-exit.o) (_global_impure_ptr)
/opt/st/stm32cubeide_1.5.0/plugins/com.st.stm32cube.ide.mcu.externaltools.gnu-tools-for-stm32.7-2018-q2-update.linux64_1.5.0.202011040924/tools/bin/../lib/gcc/arm-none-eabi/7.3.1/../../../../arm-none-eabi/lib/thumb/v7e-m/fpv4-sp/hard/libc_nano.a(lib_a-init.o)
                              /opt/st/stm32cubeide_1.5.0/plugins/com.st.stm32cube.ide.mcu.externaltools.gnu-tools-for-stm32.7-2018-q2-update.linux64_1.5.0.202011040924/tools/bin/../lib/gcc/arm-none-eabi/7.3.1/../../../../arm-none-eabi/lib/thumb/v7e-m/fpv4-sp/hard/crt0.o (__libc_init_array)
/opt/st/stm32cubeide_1.5.0/plugins/com.st.stm32cube.ide.mcu.externaltools.gnu-tools-for-stm32.7-2018-q2-update.linux64_1.5.0.202011040924/tools/bin/../lib/gcc/arm-none-eabi/7.3.1/../../../../arm-none-eabi/lib/thumb/v7e-m/fpv4-sp/hard/libc_nano.a(lib_a-memset.o)
                              /opt/st/stm32cubeide_1.5.0/plugins/com.st.stm32cube.ide.mcu.externaltools.gnu-tools-for-stm32.7-2018-q2-update.linux64_1.5.0.202011040924/tools/bin/../lib/gcc/arm-none-eabi/7.3.1/../../../../arm-none-eabi/lib/thumb/v7e-m/fpv4-sp/hard/crt0.o (memset)
/opt/st/stm32cubeide_1.5.0/plugins/com.st.stm32cube.ide.mcu.externaltools.gnu-tools-for-stm32.7-2018-q2-update.linux64_1.5.0.202011040924/tools/bin/../lib/gcc/arm-none-eabi/7.3.1/../../../../arm-none-eabi/lib/thumb/v7e-m/fpv4-sp/hard/libc_nano.a(lib_a-strlen.o)
                              Core/Src/main.o (strlen)
/opt/st/stm32cubeide_1.5.0/plugins/com.st.stm32cube.ide.mcu.externaltools.gnu-tools-for-stm32.7-2018-q2-update.linux64_1.5.0.202011040924/tools/bin/../lib/gcc/arm-none-eabi/7.3.1/thumb/v7e-m/fpv4-sp/hard/libgcc.a(_aeabi_uldivmod.o)
                              Drivers/STM32F4xx_HAL_Driver/Src/stm32f4xx_hal_rcc.o (__aeabi_uldivmod)
/opt/st/stm32cubeide_1.5.0/plugins/com.st.stm32cube.ide.mcu.externaltools.gnu-tools-for-stm32.7-2018-q2-update.linux64_1.5.0.202011040924/tools/bin/../lib/gcc/arm-none-eabi/7.3.1/thumb/v7e-m/fpv4-sp/hard/libgcc.a(_udivmoddi4.o)
                              /opt/st/stm32cubeide_1.5.0/plugins/com.st.stm32cube.ide.mcu.externaltools.gnu-tools-for-stm32.7-2018-q2-update.linux64_1.5.0.202011040924/tools/bin/../lib/gcc/arm-none-eabi/7.3.1/thumb/v7e-m/fpv4-sp/hard/libgcc.a(_aeabi_uldivmod.o) (__udivmoddi4)
/opt/st/stm32cubeide_1.5.0/plugins/com.st.stm32cube.ide.mcu.externaltools.gnu-tools-for-stm32.7-2018-q2-update.linux64_1.5.0.202011040924/tools/bin/../lib/gcc/arm-none-eabi/7.3.1/thumb/v7e-m/fpv4-sp/hard/libgcc.a(_dvmd_tls.o)
                              /opt/st/stm32cubeide_1.5.0/plugins/com.st.stm32cube.ide.mcu.externaltools.gnu-tools-for-stm32.7-2018-q2-update.linux64_1.5.0.202011040924/tools/bin/../lib/gcc/arm-none-eabi/7.3.1/thumb/v7e-m/fpv4-sp/hard/libgcc.a(_aeabi_uldivmod.o) (__aeabi_ldiv0)

Allocating common symbols
Common symbol       size              file

uwTick              0x4               Drivers/STM32F4xx_HAL_Driver/Src/stm32f4xx_hal.o
pFlash              0x20              Drivers/STM32F4xx_HAL_Driver/Src/stm32f4xx_hal_flash.o
HUart2              0x40              Core/Src/main.o
pRxBuffer           0x1               Core/Src/main.o

Discarded input sections

 .text          0x0000000000000000        0x0 /opt/st/stm32cubeide_1.5.0/plugins/com.st.stm32cube.ide.mcu.externaltools.gnu-tools-for-stm32.7-2018-q2-update.linux64_1.5.0.202011040924/tools/bin/../lib/gcc/arm-none-eabi/7.3.1/thumb/v7e-m/fpv4-sp/hard/crti.o
[...]
Memory Configuration

Name             Origin             Length             Attributes
RAM              0x0000000020000000 0x0000000000020000 xrw
FLASH            0x0000000008000000 0x0000000000080000 xr
*default*        0x0000000000000000 0xffffffffffffffff

Linker script and memory map

LOAD /opt/st/stm32cubeide_1.5.0/plugins/com.st.stm32cube.ide.mcu.externaltools.gnu-tools-for-stm32.7-2018-q2-update.linux64_1.5.0.202011040924/tools/bin/../lib/gcc/arm-none-eabi/7.3.1/thumb/v7e-m/fpv4-sp/hard/crti.o
LOAD /opt/st/stm32cubeide_1.5.0/plugins/com.st.stm32cube.ide.mcu.externaltools.gnu-tools-for-stm32.7-2018-q2-update.linux64_1.5.0.202011040924/tools/bin/../lib/gcc/arm-none-eabi/7.3.1/thumb/v7e-m/fpv4-sp/hard/crtbegin.o
LOAD /opt/st/stm32cubeide_1.5.0/plugins/com.st.stm32cube.ide.mcu.externaltools.gnu-tools-for-stm32.7-2018-q2-update.linux64_1.5.0.202011040924/tools/bin/../lib/gcc/arm-none-eabi/7.3.1/../../../../arm-none-eabi/lib/thumb/v7e-m/fpv4-sp/hard/crt0.o
LOAD Core/Src/it.o
LOAD Core/Src/main.o
LOAD Core/Src/msp.o
LOAD Core/Src/syscalls.o
LOAD Core/Src/sysmem.o
LOAD Core/Src/system_stm32f4xx.o
LOAD Core/Startup/startup_stm32f446retx.o
LOAD Drivers/STM32F4xx_HAL_Driver/Src/stm32f4xx_hal.o
LOAD Drivers/STM32F4xx_HAL_Driver/Src/stm32f4xx_hal_cortex.o
LOAD Drivers/STM32F4xx_HAL_Driver/Src/stm32f4xx_hal_dma.o
LOAD Drivers/STM32F4xx_HAL_Driver/Src/stm32f4xx_hal_dma_ex.o
LOAD Drivers/STM32F4xx_HAL_Driver/Src/stm32f4xx_hal_exti.o
LOAD Drivers/STM32F4xx_HAL_Driver/Src/stm32f4xx_hal_flash.o
LOAD Drivers/STM32F4xx_HAL_Driver/Src/stm32f4xx_hal_flash_ex.o
LOAD Drivers/STM32F4xx_HAL_Driver/Src/stm32f4xx_hal_flash_ramfunc.o
LOAD Drivers/STM32F4xx_HAL_Driver/Src/stm32f4xx_hal_gpio.o
LOAD Drivers/STM32F4xx_HAL_Driver/Src/stm32f4xx_hal_pwr.o
LOAD Drivers/STM32F4xx_HAL_Driver/Src/stm32f4xx_hal_pwr_ex.o
LOAD Drivers/STM32F4xx_HAL_Driver/Src/stm32f4xx_hal_rcc.o
LOAD Drivers/STM32F4xx_HAL_Driver/Src/stm32f4xx_hal_rcc_ex.o
LOAD Drivers/STM32F4xx_HAL_Driver/Src/stm32f4xx_hal_tim.o
LOAD Drivers/STM32F4xx_HAL_Driver/Src/stm32f4xx_hal_tim_ex.o
LOAD Drivers/STM32F4xx_HAL_Driver/Src/stm32f4xx_hal_uart.o
START GROUP
LOAD /opt/st/stm32cubeide_1.5.0/plugins/com.st.stm32cube.ide.mcu.externaltools.gnu-tools-for-stm32.7-2018-q2-update.linux64_1.5.0.202011040924/tools/bin/../lib/gcc/arm-none-eabi/7.3.1/../../../../arm-none-eabi/lib/thumb/v7e-m/fpv4-sp/hard/libc_nano.a
LOAD /opt/st/stm32cubeide_1.5.0/plugins/com.st.stm32cube.ide.mcu.externaltools.gnu-tools-for-stm32.7-2018-q2-update.linux64_1.5.0.202011040924/tools/bin/../lib/gcc/arm-none-eabi/7.3.1/../../../../arm-none-eabi/lib/thumb/v7e-m/fpv4-sp/hard/libm.a
END GROUP
START GROUP
LOAD /opt/st/stm32cubeide_1.5.0/plugins/com.st.stm32cube.ide.mcu.externaltools.gnu-tools-for-stm32.7-2018-q2-update.linux64_1.5.0.202011040924/tools/bin/../lib/gcc/arm-none-eabi/7.3.1/thumb/v7e-m/fpv4-sp/hard/libgcc.a
LOAD /opt/st/stm32cubeide_1.5.0/plugins/com.st.stm32cube.ide.mcu.externaltools.gnu-tools-for-stm32.7-2018-q2-update.linux64_1.5.0.202011040924/tools/bin/../lib/gcc/arm-none-eabi/7.3.1/../../../../arm-none-eabi/lib/thumb/v7e-m/fpv4-sp/hard/libc_nano.a
END GROUP
START GROUP
LOAD /opt/st/stm32cubeide_1.5.0/plugins/com.st.stm32cube.ide.mcu.externaltools.gnu-tools-for-stm32.7-2018-q2-update.linux64_1.5.0.202011040924/tools/bin/../lib/gcc/arm-none-eabi/7.3.1/thumb/v7e-m/fpv4-sp/hard/libgcc.a
LOAD /opt/st/stm32cubeide_1.5.0/plugins/com.st.stm32cube.ide.mcu.externaltools.gnu-tools-for-stm32.7-2018-q2-update.linux64_1.5.0.202011040924/tools/bin/../lib/gcc/arm-none-eabi/7.3.1/../../../../arm-none-eabi/lib/thumb/v7e-m/fpv4-sp/hard/libc_nano.a
LOAD /opt/st/stm32cubeide_1.5.0/plugins/com.st.stm32cube.ide.mcu.externaltools.gnu-tools-for-stm32.7-2018-q2-update.linux64_1.5.0.202011040924/tools/bin/../lib/gcc/arm-none-eabi/7.3.1/../../../../arm-none-eabi/lib/thumb/v7e-m/fpv4-sp/hard/libnosys.a
END GROUP
START GROUP
LOAD /opt/st/stm32cubeide_1.5.0/plugins/com.st.stm32cube.ide.mcu.externaltools.gnu-tools-for-stm32.7-2018-q2-update.linux64_1.5.0.202011040924/tools/bin/../lib/gcc/arm-none-eabi/7.3.1/thumb/v7e-m/fpv4-sp/hard/libgcc.a
LOAD /opt/st/stm32cubeide_1.5.0/plugins/com.st.stm32cube.ide.mcu.externaltools.gnu-tools-for-stm32.7-2018-q2-update.linux64_1.5.0.202011040924/tools/bin/../lib/gcc/arm-none-eabi/7.3.1/../../../../arm-none-eabi/lib/thumb/v7e-m/fpv4-sp/hard/libc_nano.a
LOAD /opt/st/stm32cubeide_1.5.0/plugins/com.st.stm32cube.ide.mcu.externaltools.gnu-tools-for-stm32.7-2018-q2-update.linux64_1.5.0.202011040924/tools/bin/../lib/gcc/arm-none-eabi/7.3.1/../../../../arm-none-eabi/lib/thumb/v7e-m/fpv4-sp/hard/libnosys.a
END GROUP
LOAD /opt/st/stm32cubeide_1.5.0/plugins/com.st.stm32cube.ide.mcu.externaltools.gnu-tools-for-stm32.7-2018-q2-update.linux64_1.5.0.202011040924/tools/bin/../lib/gcc/arm-none-eabi/7.3.1/thumb/v7e-m/fpv4-sp/hard/crtend.o
LOAD /opt/st/stm32cubeide_1.5.0/plugins/com.st.stm32cube.ide.mcu.externaltools.gnu-tools-for-stm32.7-2018-q2-update.linux64_1.5.0.202011040924/tools/bin/../lib/gcc/arm-none-eabi/7.3.1/thumb/v7e-m/fpv4-sp/hard/crtn.o
                0x0000000020020000                _estack = (ORIGIN (RAM) + LENGTH (RAM))
                0x0000000000000200                _Min_Heap_Size = 0x200
                0x0000000000000400                _Min_Stack_Size = 0x400

.isr_vector     0x0000000008000000      0x1c4
                0x0000000008000000                . = ALIGN (0x4)
 *(.isr_vector)
 .isr_vector    0x0000000008000000      0x1c4 Core/Startup/startup_stm32f446retx.o
                0x0000000008000000                g_pfnVectors
                0x00000000080001c4                . = ALIGN (0x4)

.text           0x00000000080001c4     0x1bac
                0x00000000080001c4                . = ALIGN (0x4)
 *(.text)
 .text          0x00000000080001c4       0x40 /opt/st/stm32cubeide_1.5.0/plugins/com.st.stm32cube.ide.mcu.externaltools.gnu-tools-for-stm32.7-2018-q2-update.linux64_1.5.0.202011040924/tools/bin/../lib/gcc/arm-none-eabi/7.3.1/thumb/v7e-m/fpv4-sp/hard/crtbegin.o
 .text          0x0000000008000204       0x10 /opt/st/stm32cubeide_1.5.0/plugins/com.st.stm32cube.ide.mcu.externaltools.gnu-tools-for-stm32.7-2018-q2-update.linux64_1.5.0.202011040924/tools/bin/../lib/gcc/arm-none-eabi/7.3.1/../../../../arm-none-eabi/lib/thumb/v7e-m/fpv4-sp/hard/libc_nano.a(lib_a-strlen.o)
                0x0000000008000204                strlen
 .text          0x0000000008000214       0x30 /opt/st/stm32cubeide_1.5.0/plugins/com.st.stm32cube.ide.mcu.externaltools.gnu-tools-for-stm32.7-2018-q2-update.linux64_1.5.0.202011040924/tools/bin/../lib/gcc/arm-none-eabi/7.3.1/thumb/v7e-m/fpv4-sp/hard/libgcc.a(_aeabi_uldivmod.o)
                0x0000000008000214                __aeabi_uldivmod
 .text          0x0000000008000244      0x2cc /opt/st/stm32cubeide_1.5.0/plugins/com.st.stm32cube.ide.mcu.externaltools.gnu-tools-for-stm32.7-2018-q2-update.linux64_1.5.0.202011040924/tools/bin/../lib/gcc/arm-none-eabi/7.3.1/thumb/v7e-m/fpv4-sp/hard/libgcc.a(_udivmoddi4.o)
                0x0000000008000244                __udivmoddi4
 .text          0x0000000008000510        0x4 /opt/st/stm32cubeide_1.5.0/plugins/com.st.stm32cube.ide.mcu.externaltools.gnu-tools-for-stm32.7-2018-q2-update.linux64_1.5.0.202011040924/tools/bin/../lib/gcc/arm-none-eabi/7.3.1/thumb/v7e-m/fpv4-sp/hard/libgcc.a(_dvmd_tls.o)
                0x0000000008000510                __aeabi_ldiv0
                0x0000000008000510                __aeabi_idiv0
 *(.text*)
 .text.SysTick_Handler
                0x0000000008000514       0x10 Core/Src/it.o
                0x0000000008000514                SysTick_Handler
 .text.USART2_IRQHandler
                0x0000000008000524       0x14 Core/Src/it.o
                0x0000000008000524                USART2_IRQHandler
 .text.main     0x0000000008000538       0x54 Core/Src/main.o
                0x0000000008000538                main
 .text.SystemClockConfig
                0x000000000800058c        0xe Core/Src/main.o
                0x000000000800058c                SystemClockConfig
 *fill*         0x000000000800059a        0x2 
 .text.UART2_Init
                0x000000000800059c       0x4c Core/Src/main.o
                0x000000000800059c                UART2_Init
 .text.Err_Handler
                0x00000000080005e8        0x6 Core/Src/main.o
                0x00000000080005e8                Err_Handler
 *fill*         0x00000000080005ee        0x2 
 .text.HAL_UART_RxCpltCallback
                0x00000000080005f0       0x6c Core/Src/main.o
                0x00000000080005f0                HAL_UART_RxCpltCallback
 .text.HAL_MspInit
                0x000000000800065c       0x44 Core/Src/msp.o
                0x000000000800065c                HAL_MspInit
 .text.HAL_UART_MspInit
                0x00000000080006a0       0x90 Core/Src/msp.o
                0x00000000080006a0                HAL_UART_MspInit
 .text.SystemInit
                0x0000000008000730       0x2c Core/Src/system_stm32f4xx.o
                0x0000000008000730                SystemInit
 .text.Reset_Handler
                0x000000000800075c       0x50 Core/Startup/startup_stm32f446retx.o
                0x000000000800075c                Reset_Handler
 .text.Default_Handler
                0x00000000080007ac        0x2 Core/Startup/startup_stm32f446retx.o
                0x00000000080007ac                RTC_Alarm_IRQHandler
                0x00000000080007ac                EXTI2_IRQHandler
                0x00000000080007ac                TIM8_CC_IRQHandler
                0x00000000080007ac                DebugMon_Handler
                0x00000000080007ac                FMPI2C1_EV_IRQHandler
                0x00000000080007ac                SPI4_IRQHandler
                0x00000000080007ac                TIM1_CC_IRQHandler
                0x00000000080007ac                DMA2_Stream5_IRQHandler
                0x00000000080007ac                HardFault_Handler
                0x00000000080007ac                DMA1_Stream5_IRQHandler
                0x00000000080007ac                PVD_IRQHandler
                0x00000000080007ac                SDIO_IRQHandler
                0x00000000080007ac                TAMP_STAMP_IRQHandler
                0x00000000080007ac                PendSV_Handler
                0x00000000080007ac                NMI_Handler
                0x00000000080007ac                CAN2_RX1_IRQHandler
                0x00000000080007ac                EXTI3_IRQHandler
                0x00000000080007ac                TIM8_TRG_COM_TIM14_IRQHandler
                0x00000000080007ac                TIM1_UP_TIM10_IRQHandler
                0x00000000080007ac                TIM8_UP_TIM13_IRQHandler
                0x00000000080007ac                I2C3_ER_IRQHandler
                0x00000000080007ac                EXTI0_IRQHandler
                0x00000000080007ac                I2C2_EV_IRQHandler
                0x00000000080007ac                DMA1_Stream2_IRQHandler
                0x00000000080007ac                CAN1_RX0_IRQHandler
                0x00000000080007ac                FPU_IRQHandler
                0x00000000080007ac                OTG_HS_WKUP_IRQHandler
                0x00000000080007ac                UsageFault_Handler
                0x00000000080007ac                CAN2_SCE_IRQHandler
                0x00000000080007ac                DMA2_Stream2_IRQHandler
                0x00000000080007ac                SPI1_IRQHandler
                0x00000000080007ac                TIM6_DAC_IRQHandler
                0x00000000080007ac                TIM1_BRK_TIM9_IRQHandler
                0x00000000080007ac                DCMI_IRQHandler
                0x00000000080007ac                CAN2_RX0_IRQHandler
                0x00000000080007ac                DMA2_Stream3_IRQHandler
                0x00000000080007ac                SAI2_IRQHandler
                0x00000000080007ac                USART6_IRQHandler
                0x00000000080007ac                USART3_IRQHandler
                0x00000000080007ac                CAN1_RX1_IRQHandler
                0x00000000080007ac                UART5_IRQHandler
                0x00000000080007ac                DMA2_Stream0_IRQHandler
                0x00000000080007ac                TIM4_IRQHandler
                0x00000000080007ac                QUADSPI_IRQHandler
                0x00000000080007ac                I2C1_EV_IRQHandler
                0x00000000080007ac                DMA1_Stream6_IRQHandler
                0x00000000080007ac                DMA1_Stream1_IRQHandler
                0x00000000080007ac                UART4_IRQHandler
                0x00000000080007ac                TIM3_IRQHandler
                0x00000000080007ac                RCC_IRQHandler
                0x00000000080007ac                TIM8_BRK_TIM12_IRQHandler
                0x00000000080007ac                Default_Handler
                0x00000000080007ac                CEC_IRQHandler
                0x00000000080007ac                EXTI15_10_IRQHandler
                0x00000000080007ac                ADC_IRQHandler
                0x00000000080007ac                DMA1_Stream7_IRQHandler
                0x00000000080007ac                TIM7_IRQHandler
                0x00000000080007ac                CAN2_TX_IRQHandler
                0x00000000080007ac                TIM5_IRQHandler
                0x00000000080007ac                DMA2_Stream7_IRQHandler
                0x00000000080007ac                I2C3_EV_IRQHandler
                0x00000000080007ac                EXTI9_5_IRQHandler
                0x00000000080007ac                RTC_WKUP_IRQHandler
                0x00000000080007ac                SPDIF_RX_IRQHandler
                0x00000000080007ac                SPI2_IRQHandler
                0x00000000080007ac                OTG_HS_EP1_IN_IRQHandler
                0x00000000080007ac                MemManage_Handler
                0x00000000080007ac                DMA1_Stream0_IRQHandler
                0x00000000080007ac                CAN1_TX_IRQHandler
                0x00000000080007ac                SVC_Handler
                0x00000000080007ac                FMPI2C1_ER_IRQHandler
                0x00000000080007ac                EXTI4_IRQHandler
                0x00000000080007ac                OTG_HS_EP1_OUT_IRQHandler
                0x00000000080007ac                WWDG_IRQHandler
                0x00000000080007ac                TIM2_IRQHandler
                0x00000000080007ac                OTG_FS_WKUP_IRQHandler
                0x00000000080007ac                TIM1_TRG_COM_TIM11_IRQHandler
                0x00000000080007ac                OTG_HS_IRQHandler
                0x00000000080007ac                EXTI1_IRQHandler
                0x00000000080007ac                I2C2_ER_IRQHandler
                0x00000000080007ac                DMA2_Stream1_IRQHandler
                0x00000000080007ac                CAN1_SCE_IRQHandler
                0x00000000080007ac                FLASH_IRQHandler
                0x00000000080007ac                DMA2_Stream4_IRQHandler
                0x00000000080007ac                BusFault_Handler
                0x00000000080007ac                USART1_IRQHandler
                0x00000000080007ac                OTG_FS_IRQHandler
                0x00000000080007ac                SPI3_IRQHandler
                0x00000000080007ac                DMA1_Stream4_IRQHandler
                0x00000000080007ac                I2C1_ER_IRQHandler
                0x00000000080007ac                FMC_IRQHandler
                0x00000000080007ac                DMA2_Stream6_IRQHandler
                0x00000000080007ac                SAI1_IRQHandler
                0x00000000080007ac                DMA1_Stream3_IRQHandler
 *fill*         0x00000000080007ae        0x2 
 .text.HAL_Init
                0x00000000080007b0       0x44 Drivers/STM32F4xx_HAL_Driver/Src/stm32f4xx_hal.o
                0x00000000080007b0                HAL_Init
 .text.HAL_InitTick
                0x00000000080007f4       0x60 Drivers/STM32F4xx_HAL_Driver/Src/stm32f4xx_hal.o
                0x00000000080007f4                HAL_InitTick
 .text.HAL_IncTick
                0x0000000008000854       0x28 Drivers/STM32F4xx_HAL_Driver/Src/stm32f4xx_hal.o
                0x0000000008000854                HAL_IncTick
 .text.HAL_GetTick
                0x000000000800087c       0x18 Drivers/STM32F4xx_HAL_Driver/Src/stm32f4xx_hal.o
                0x000000000800087c                HAL_GetTick
 .text.__NVIC_SetPriorityGrouping
                0x0000000008000894       0x48 Drivers/STM32F4xx_HAL_Driver/Src/stm32f4xx_hal_cortex.o
 .text.__NVIC_GetPriorityGrouping
                0x00000000080008dc       0x1c Drivers/STM32F4xx_HAL_Driver/Src/stm32f4xx_hal_cortex.o
 .text.__NVIC_EnableIRQ
                0x00000000080008f8       0x3c Drivers/STM32F4xx_HAL_Driver/Src/stm32f4xx_hal_cortex.o
 .text.__NVIC_SetPriority
                0x0000000008000934       0x54 Drivers/STM32F4xx_HAL_Driver/Src/stm32f4xx_hal_cortex.o
 .text.NVIC_EncodePriority
                0x0000000008000988       0x66 Drivers/STM32F4xx_HAL_Driver/Src/stm32f4xx_hal_cortex.o
 *fill*         0x00000000080009ee        0x2 
 .text.SysTick_Config
                0x00000000080009f0       0x44 Drivers/STM32F4xx_HAL_Driver/Src/stm32f4xx_hal_cortex.o
 .text.HAL_NVIC_SetPriorityGrouping
                0x0000000008000a34       0x16 Drivers/STM32F4xx_HAL_Driver/Src/stm32f4xx_hal_cortex.o
                0x0000000008000a34                HAL_NVIC_SetPriorityGrouping
 .text.HAL_NVIC_SetPriority
                0x0000000008000a4a       0x38 Drivers/STM32F4xx_HAL_Driver/Src/stm32f4xx_hal_cortex.o
                0x0000000008000a4a                HAL_NVIC_SetPriority
 .text.HAL_NVIC_EnableIRQ
                0x0000000008000a82       0x1c Drivers/STM32F4xx_HAL_Driver/Src/stm32f4xx_hal_cortex.o
                0x0000000008000a82                HAL_NVIC_EnableIRQ
 .text.HAL_SYSTICK_Config
                0x0000000008000a9e       0x18 Drivers/STM32F4xx_HAL_Driver/Src/stm32f4xx_hal_cortex.o
                0x0000000008000a9e                HAL_SYSTICK_Config
 .text.HAL_SYSTICK_IRQHandler
                0x0000000008000ab6        0xc Drivers/STM32F4xx_HAL_Driver/Src/stm32f4xx_hal_cortex.o
                0x0000000008000ab6                HAL_SYSTICK_IRQHandler
 .text.HAL_SYSTICK_Callback
                0x0000000008000ac2        0xe Drivers/STM32F4xx_HAL_Driver/Src/stm32f4xx_hal_cortex.o
                0x0000000008000ac2                HAL_SYSTICK_Callback
 .text.HAL_DMA_Abort_IT
                0x0000000008000ad0       0x44 Drivers/STM32F4xx_HAL_Driver/Src/stm32f4xx_hal_dma.o
                0x0000000008000ad0                HAL_DMA_Abort_IT
 .text.HAL_GPIO_Init
                0x0000000008000b14      0x324 Drivers/STM32F4xx_HAL_Driver/Src/stm32f4xx_hal_gpio.o
                0x0000000008000b14                HAL_GPIO_Init
 .text.HAL_RCC_GetHCLKFreq
                0x0000000008000e38       0x18 Drivers/STM32F4xx_HAL_Driver/Src/stm32f4xx_hal_rcc.o
                0x0000000008000e38                HAL_RCC_GetHCLKFreq
 .text.HAL_RCC_GetPCLK1Freq
                0x0000000008000e50       0x28 Drivers/STM32F4xx_HAL_Driver/Src/stm32f4xx_hal_rcc.o
                0x0000000008000e50                HAL_RCC_GetPCLK1Freq
 .text.HAL_RCC_GetPCLK2Freq
                0x0000000008000e78       0x28 Drivers/STM32F4xx_HAL_Driver/Src/stm32f4xx_hal_rcc.o
                0x0000000008000e78                HAL_RCC_GetPCLK2Freq
 .text.HAL_UART_Init
                0x0000000008000ea0       0x9a Drivers/STM32F4xx_HAL_Driver/Src/stm32f4xx_hal_uart.o
                0x0000000008000ea0                HAL_UART_Init
 .text.HAL_UART_Transmit
                0x0000000008000f3a      0x132 Drivers/STM32F4xx_HAL_Driver/Src/stm32f4xx_hal_uart.o
                0x0000000008000f3a                HAL_UART_Transmit
 .text.HAL_UART_Receive_IT
                0x000000000800106c       0xaa Drivers/STM32F4xx_HAL_Driver/Src/stm32f4xx_hal_uart.o
                0x000000000800106c                HAL_UART_Receive_IT
 *fill*         0x0000000008001116        0x2 
 .text.HAL_UART_IRQHandler
                0x0000000008001118      0x200 Drivers/STM32F4xx_HAL_Driver/Src/stm32f4xx_hal_uart.o
                0x0000000008001118                HAL_UART_IRQHandler
 .text.HAL_UART_TxCpltCallback
                0x0000000008001318       0x14 Drivers/STM32F4xx_HAL_Driver/Src/stm32f4xx_hal_uart.o
                0x0000000008001318                HAL_UART_TxCpltCallback
 .text.HAL_UART_ErrorCallback
                0x000000000800132c       0x14 Drivers/STM32F4xx_HAL_Driver/Src/stm32f4xx_hal_uart.o
                0x000000000800132c                HAL_UART_ErrorCallback
 .text.UART_WaitOnFlagUntilTimeout
                0x0000000008001340       0x94 Drivers/STM32F4xx_HAL_Driver/Src/stm32f4xx_hal_uart.o
 .text.UART_EndRxTransfer
                0x00000000080013d4       0x3c Drivers/STM32F4xx_HAL_Driver/Src/stm32f4xx_hal_uart.o
 .text.UART_DMAAbortOnError
                0x0000000008001410       0x28 Drivers/STM32F4xx_HAL_Driver/Src/stm32f4xx_hal_uart.o
 .text.UART_Transmit_IT
                0x0000000008001438       0xac Drivers/STM32F4xx_HAL_Driver/Src/stm32f4xx_hal_uart.o
 .text.UART_EndTransmit_IT
                0x00000000080014e4       0x30 Drivers/STM32F4xx_HAL_Driver/Src/stm32f4xx_hal_uart.o
 .text.UART_Receive_IT
                0x0000000008001514      0x102 Drivers/STM32F4xx_HAL_Driver/Src/stm32f4xx_hal_uart.o
 *fill*         0x0000000008001616        0x2 
 .text.UART_SetConfig
                0x0000000008001618      0x6f8 Drivers/STM32F4xx_HAL_Driver/Src/stm32f4xx_hal_uart.o
 .text.__libc_init_array
                0x0000000008001d10       0x48 /opt/st/stm32cubeide_1.5.0/plugins/com.st.stm32cube.ide.mcu.externaltools.gnu-tools-for-stm32.7-2018-q2-update.linux64_1.5.0.202011040924/tools/bin/../lib/gcc/arm-none-eabi/7.3.1/../../../../arm-none-eabi/lib/thumb/v7e-m/fpv4-sp/hard/libc_nano.a(lib_a-init.o)
                0x0000000008001d10                __libc_init_array
 *(.glue_7)
 .glue_7        0x0000000008001d58        0x0 linker stubs
 *(.glue_7t)
 .glue_7t       0x0000000008001d58        0x0 linker stubs
 *(.eh_frame)
 .eh_frame      0x0000000008001d58        0x0 /opt/st/stm32cubeide_1.5.0/plugins/com.st.stm32cube.ide.mcu.externaltools.gnu-tools-for-stm32.7-2018-q2-update.linux64_1.5.0.202011040924/tools/bin/../lib/gcc/arm-none-eabi/7.3.1/thumb/v7e-m/fpv4-sp/hard/crtbegin.o
 *(.init)
 .init          0x0000000008001d58        0x4 /opt/st/stm32cubeide_1.5.0/plugins/com.st.stm32cube.ide.mcu.externaltools.gnu-tools-for-stm32.7-2018-q2-update.linux64_1.5.0.202011040924/tools/bin/../lib/gcc/arm-none-eabi/7.3.1/thumb/v7e-m/fpv4-sp/hard/crti.o
                0x0000000008001d58                _init
 .init          0x0000000008001d5c        0x8 /opt/st/stm32cubeide_1.5.0/plugins/com.st.stm32cube.ide.mcu.externaltools.gnu-tools-for-stm32.7-2018-q2-update.linux64_1.5.0.202011040924/tools/bin/../lib/gcc/arm-none-eabi/7.3.1/thumb/v7e-m/fpv4-sp/hard/crtn.o
 *(.fini)
 .fini          0x0000000008001d64        0x4 /opt/st/stm32cubeide_1.5.0/plugins/com.st.stm32cube.ide.mcu.externaltools.gnu-tools-for-stm32.7-2018-q2-update.linux64_1.5.0.202011040924/tools/bin/../lib/gcc/arm-none-eabi/7.3.1/thumb/v7e-m/fpv4-sp/hard/crti.o
                0x0000000008001d64                _fini
 .fini          0x0000000008001d68        0x8 /opt/st/stm32cubeide_1.5.0/plugins/com.st.stm32cube.ide.mcu.externaltools.gnu-tools-for-stm32.7-2018-q2-update.linux64_1.5.0.202011040924/tools/bin/../lib/gcc/arm-none-eabi/7.3.1/thumb/v7e-m/fpv4-sp/hard/crtn.o
                0x0000000008001d70                . = ALIGN (0x4)
                0x0000000008001d70                _etext = .

.vfp11_veneer   0x0000000008001d70        0x0
 .vfp11_veneer  0x0000000008001d70        0x0 linker stubs

.v4_bx          0x0000000008001d70        0x0
 .v4_bx         0x0000000008001d70        0x0 linker stubs

.iplt           0x0000000008001d70        0x0
 .iplt          0x0000000008001d70        0x0 /opt/st/stm32cubeide_1.5.0/plugins/com.st.stm32cube.ide.mcu.externaltools.gnu-tools-for-stm32.7-2018-q2-update.linux64_1.5.0.202011040924/tools/bin/../lib/gcc/arm-none-eabi/7.3.1/thumb/v7e-m/fpv4-sp/hard/crtbegin.o

.rodata         0x0000000008001d70       0x20
                0x0000000008001d70                . = ALIGN (0x4)
 *(.rodata)
 .rodata        0x0000000008001d70       0x15 Core/Src/main.o
 *(.rodata*)
 *fill*         0x0000000008001d85        0x3 
 .rodata.APBPrescTable
                0x0000000008001d88        0x8 Core/Src/system_stm32f4xx.o
                0x0000000008001d88                APBPrescTable
                0x0000000008001d90                . = ALIGN (0x4)

.ARM.extab      0x0000000008001d90        0x0
                0x0000000008001d90                . = ALIGN (0x4)
 *(.ARM.extab* .gnu.linkonce.armextab.*)
                0x0000000008001d90                . = ALIGN (0x4)

.ARM            0x0000000008001d90        0x8
                0x0000000008001d90                . = ALIGN (0x4)
                0x0000000008001d90                __exidx_start = .
 *(.ARM.exidx*)
 .ARM.exidx     0x0000000008001d90        0x8 /opt/st/stm32cubeide_1.5.0/plugins/com.st.stm32cube.ide.mcu.externaltools.gnu-tools-for-stm32.7-2018-q2-update.linux64_1.5.0.202011040924/tools/bin/../lib/gcc/arm-none-eabi/7.3.1/thumb/v7e-m/fpv4-sp/hard/libgcc.a(_udivmoddi4.o)
                0x0000000008001d98                __exidx_end = .
                0x0000000008001d98                . = ALIGN (0x4)

.rel.dyn        0x0000000008001d98        0x0
 .rel.iplt      0x0000000008001d98        0x0 /opt/st/stm32cubeide_1.5.0/plugins/com.st.stm32cube.ide.mcu.externaltools.gnu-tools-for-stm32.7-2018-q2-update.linux64_1.5.0.202011040924/tools/bin/../lib/gcc/arm-none-eabi/7.3.1/thumb/v7e-m/fpv4-sp/hard/crtbegin.o

.preinit_array  0x0000000008001d98        0x0
                0x0000000008001d98                . = ALIGN (0x4)
                0x0000000008001d98                PROVIDE (__preinit_array_start = .)
 *(.preinit_array*)
                0x0000000008001d98                PROVIDE (__preinit_array_end = .)
                0x0000000008001d98                . = ALIGN (0x4)

.init_array     0x0000000008001d98        0x4
                0x0000000008001d98                . = ALIGN (0x4)
                0x0000000008001d98                PROVIDE (__init_array_start = .)
 *(SORT_BY_NAME(.init_array.*))
 *(.init_array*)
 .init_array    0x0000000008001d98        0x4 /opt/st/stm32cubeide_1.5.0/plugins/com.st.stm32cube.ide.mcu.externaltools.gnu-tools-for-stm32.7-2018-q2-update.linux64_1.5.0.202011040924/tools/bin/../lib/gcc/arm-none-eabi/7.3.1/thumb/v7e-m/fpv4-sp/hard/crtbegin.o
                0x0000000008001d9c                PROVIDE (__init_array_end = .)
                0x0000000008001d9c                . = ALIGN (0x4)

.fini_array     0x0000000008001d9c        0x4
                0x0000000008001d9c                . = ALIGN (0x4)
                [!provide]                        PROVIDE (__fini_array_start = .)
 *(SORT_BY_NAME(.fini_array.*))
 *(.fini_array*)
 .fini_array    0x0000000008001d9c        0x4 /opt/st/stm32cubeide_1.5.0/plugins/com.st.stm32cube.ide.mcu.externaltools.gnu-tools-for-stm32.7-2018-q2-update.linux64_1.5.0.202011040924/tools/bin/../lib/gcc/arm-none-eabi/7.3.1/thumb/v7e-m/fpv4-sp/hard/crtbegin.o
                [!provide]                        PROVIDE (__fini_array_end = .)
                0x0000000008001da0                . = ALIGN (0x4)
                0x0000000008001da0                _sidata = LOADADDR (.data)

.data           0x0000000020000000       0x10 load address 0x0000000008001da0
                0x0000000020000000                . = ALIGN (0x4)
                0x0000000020000000                _sdata = .
 *(.data)
 *(.data*)
 .data.user_data
                0x0000000020000000        0x4 Core/Src/main.o
                0x0000000020000000                user_data
 .data.SystemCoreClock
                0x0000000020000004        0x4 Core/Src/system_stm32f4xx.o
                0x0000000020000004                SystemCoreClock
 .data.uwTickPrio
                0x0000000020000008        0x4 Drivers/STM32F4xx_HAL_Driver/Src/stm32f4xx_hal.o
                0x0000000020000008                uwTickPrio
 .data.uwTickFreq
                0x000000002000000c        0x1 Drivers/STM32F4xx_HAL_Driver/Src/stm32f4xx_hal.o
                0x000000002000000c                uwTickFreq
 *(.RamFunc)
 *(.RamFunc*)
                0x0000000020000010                . = ALIGN (0x4)
 *fill*         0x000000002000000d        0x3 
                0x0000000020000010                _edata = .

.igot.plt       0x0000000020000010        0x0 load address 0x0000000008001db0
 .igot.plt      0x0000000020000010        0x0 /opt/st/stm32cubeide_1.5.0/plugins/com.st.stm32cube.ide.mcu.externaltools.gnu-tools-for-stm32.7-2018-q2-update.linux64_1.5.0.202011040924/tools/bin/../lib/gcc/arm-none-eabi/7.3.1/thumb/v7e-m/fpv4-sp/hard/crtbegin.o
                0x0000000020000010                . = ALIGN (0x4)

.bss            0x0000000020000010       0x80 load address 0x0000000008001db0
                0x0000000020000010                _sbss = .
                0x0000000020000010                __bss_start__ = _sbss
 *(.bss)
 .bss           0x0000000020000010       0x1c /opt/st/stm32cubeide_1.5.0/plugins/com.st.stm32cube.ide.mcu.externaltools.gnu-tools-for-stm32.7-2018-q2-update.linux64_1.5.0.202011040924/tools/bin/../lib/gcc/arm-none-eabi/7.3.1/thumb/v7e-m/fpv4-sp/hard/crtbegin.o
 *(.bss*)
 .bss.RECEPTION_CMPLT
                0x000000002000002c        0x1 Core/Src/main.o
                0x000000002000002c                RECEPTION_CMPLT
 *fill*         0x000000002000002d        0x3 
 .bss.count.8063
                0x0000000020000030        0x4 Core/Src/main.o
 .bss.TxBuffer.8064
                0x0000000020000034       0x14 Core/Src/main.o
 *(COMMON)
 COMMON         0x0000000020000048       0x41 Core/Src/main.o
                0x0000000020000048                HUart2
                0x0000000020000088                pRxBuffer
 *fill*         0x0000000020000089        0x3 
 COMMON         0x000000002000008c        0x4 Drivers/STM32F4xx_HAL_Driver/Src/stm32f4xx_hal.o
                0x000000002000008c                uwTick
                0x0000000020000090                . = ALIGN (0x4)
                0x0000000020000090                _ebss = .
                0x0000000020000090                __bss_end__ = _ebss

._user_heap_stack
                0x0000000020000090      0x600 load address 0x0000000008001db0
                0x0000000020000090                . = ALIGN (0x8)
                [!provide]                        PROVIDE (end = .)
                0x0000000020000090                PROVIDE (_end = .)
                0x0000000020000290                . = (. + _Min_Heap_Size)
 *fill*         0x0000000020000090      0x200 
                0x0000000020000690                . = (. + _Min_Stack_Size)
 *fill*         0x0000000020000290      0x400 
                0x0000000020000690                . = ALIGN (0x8)

/DISCARD/
 libc.a(*)
 libm.a(*)
 libgcc.a(*)

.ARM.attributes
                0x0000000000000000       0x30
 *(.ARM.attributes)
 .ARM.attributes
                0x0000000000000000       0x22 /opt/st/stm32cubeide_1.5.0/plugins/com.st.stm32cube.ide.mcu.externaltools.gnu-tools-for-stm32.7-2018-q2-update.linux64_1.5.0.202011040924/tools/bin/../lib/gcc/arm-none-eabi/7.3.1/thumb/v7e-m/fpv4-sp/hard/crti.o
 .ARM.attributes
                0x0000000000000022       0x34 /opt/st/stm32cubeide_1.5.0/plugins/com.st.stm32cube.ide.mcu.externaltools.gnu-tools-for-stm32.7-2018-q2-update.linux64_1.5.0.202011040924/tools/bin/../lib/gcc/arm-none-eabi/7.3.1/thumb/v7e-m/fpv4-sp/hard/crtbegin.o
 .ARM.attributes
                0x0000000000000056       0x39 Core/Src/it.o
 .ARM.attributes
                0x000000000000008f       0x39 Core/Src/main.o
 .ARM.attributes
                0x00000000000000c8       0x39 Core/Src/msp.o
 .ARM.attributes
                0x0000000000000101       0x39 Core/Src/system_stm32f4xx.o
 .ARM.attributes
                0x000000000000013a       0x21 Core/Startup/startup_stm32f446retx.o
 .ARM.attributes
                0x000000000000015b       0x39 Drivers/STM32F4xx_HAL_Driver/Src/stm32f4xx_hal.o
 .ARM.attributes
                0x0000000000000194       0x39 Drivers/STM32F4xx_HAL_Driver/Src/stm32f4xx_hal_cortex.o
 .ARM.attributes
                0x00000000000001cd       0x39 Drivers/STM32F4xx_HAL_Driver/Src/stm32f4xx_hal_dma.o
 .ARM.attributes
                0x0000000000000206       0x39 Drivers/STM32F4xx_HAL_Driver/Src/stm32f4xx_hal_gpio.o
 .ARM.attributes
                0x000000000000023f       0x39 Drivers/STM32F4xx_HAL_Driver/Src/stm32f4xx_hal_rcc.o
 .ARM.attributes
                0x0000000000000278       0x39 Drivers/STM32F4xx_HAL_Driver/Src/stm32f4xx_hal_uart.o
 .ARM.attributes
                0x00000000000002b1       0x34 /opt/st/stm32cubeide_1.5.0/plugins/com.st.stm32cube.ide.mcu.externaltools.gnu-tools-for-stm32.7-2018-q2-update.linux64_1.5.0.202011040924/tools/bin/../lib/gcc/arm-none-eabi/7.3.1/../../../../arm-none-eabi/lib/thumb/v7e-m/fpv4-sp/hard/libc_nano.a(lib_a-init.o)
 .ARM.attributes
                0x00000000000002e5       0x1b /opt/st/stm32cubeide_1.5.0/plugins/com.st.stm32cube.ide.mcu.externaltools.gnu-tools-for-stm32.7-2018-q2-update.linux64_1.5.0.202011040924/tools/bin/../lib/gcc/arm-none-eabi/7.3.1/../../../../arm-none-eabi/lib/thumb/v7e-m/fpv4-sp/hard/libc_nano.a(lib_a-strlen.o)
 .ARM.attributes
                0x0000000000000300       0x22 /opt/st/stm32cubeide_1.5.0/plugins/com.st.stm32cube.ide.mcu.externaltools.gnu-tools-for-stm32.7-2018-q2-update.linux64_1.5.0.202011040924/tools/bin/../lib/gcc/arm-none-eabi/7.3.1/thumb/v7e-m/fpv4-sp/hard/libgcc.a(_aeabi_uldivmod.o)
 .ARM.attributes
                0x0000000000000322       0x34 /opt/st/stm32cubeide_1.5.0/plugins/com.st.stm32cube.ide.mcu.externaltools.gnu-tools-for-stm32.7-2018-q2-update.linux64_1.5.0.202011040924/tools/bin/../lib/gcc/arm-none-eabi/7.3.1/thumb/v7e-m/fpv4-sp/hard/libgcc.a(_udivmoddi4.o)
 .ARM.attributes
                0x0000000000000356       0x22 /opt/st/stm32cubeide_1.5.0/plugins/com.st.stm32cube.ide.mcu.externaltools.gnu-tools-for-stm32.7-2018-q2-update.linux64_1.5.0.202011040924/tools/bin/../lib/gcc/arm-none-eabi/7.3.1/thumb/v7e-m/fpv4-sp/hard/libgcc.a(_dvmd_tls.o)
 .ARM.attributes
                0x0000000000000378       0x22 /opt/st/stm32cubeide_1.5.0/plugins/com.st.stm32cube.ide.mcu.externaltools.gnu-tools-for-stm32.7-2018-q2-update.linux64_1.5.0.202011040924/tools/bin/../lib/gcc/arm-none-eabi/7.3.1/thumb/v7e-m/fpv4-sp/hard/crtn.o
OUTPUT(UART_test_IT.elf elf32-littlearm)

.debug_info     0x0000000000000000     0x6c8a
 .debug_info    0x0000000000000000      0x5fd Core/Src/it.o
 .debug_info    0x00000000000005fd      0xf09 Core/Src/main.o
 .debug_info    0x0000000000001506      0xd02 Core/Src/msp.o
 .debug_info    0x0000000000002208      0x588 Core/Src/system_stm32f4xx.o
 .debug_info    0x0000000000002790       0x22 Core/Startup/startup_stm32f446retx.o
 .debug_info    0x00000000000027b2      0x997 Drivers/STM32F4xx_HAL_Driver/Src/stm32f4xx_hal.o
 .debug_info    0x0000000000003149      0xe46 Drivers/STM32F4xx_HAL_Driver/Src/stm32f4xx_hal_cortex.o
 .debug_info    0x0000000000003f8f      0x968 Drivers/STM32F4xx_HAL_Driver/Src/stm32f4xx_hal_dma.o
 .debug_info    0x00000000000048f7      0x803 Drivers/STM32F4xx_HAL_Driver/Src/stm32f4xx_hal_gpio.o
 .debug_info    0x00000000000050fa      0x944 Drivers/STM32F4xx_HAL_Driver/Src/stm32f4xx_hal_rcc.o
 .debug_info    0x0000000000005a3e     0x124c Drivers/STM32F4xx_HAL_Driver/Src/stm32f4xx_hal_uart.o

.debug_abbrev   0x0000000000000000     0x135f
 .debug_abbrev  0x0000000000000000      0x131 Core/Src/it.o
 .debug_abbrev  0x0000000000000131      0x222 Core/Src/main.o
 .debug_abbrev  0x0000000000000353      0x195 Core/Src/msp.o
 .debug_abbrev  0x00000000000004e8      0x12b Core/Src/system_stm32f4xx.o
 .debug_abbrev  0x0000000000000613       0x12 Core/Startup/startup_stm32f446retx.o
 .debug_abbrev  0x0000000000000625      0x1c7 Drivers/STM32F4xx_HAL_Driver/Src/stm32f4xx_hal.o
 .debug_abbrev  0x00000000000007ec      0x2fa Drivers/STM32F4xx_HAL_Driver/Src/stm32f4xx_hal_cortex.o
 .debug_abbrev  0x0000000000000ae6      0x229 Drivers/STM32F4xx_HAL_Driver/Src/stm32f4xx_hal_dma.o
 .debug_abbrev  0x0000000000000d0f      0x1c9 Drivers/STM32F4xx_HAL_Driver/Src/stm32f4xx_hal_gpio.o
 .debug_abbrev  0x0000000000000ed8      0x245 Drivers/STM32F4xx_HAL_Driver/Src/stm32f4xx_hal_rcc.o
 .debug_abbrev  0x000000000000111d      0x242 Drivers/STM32F4xx_HAL_Driver/Src/stm32f4xx_hal_uart.o

.debug_aranges  0x0000000000000000      0x628
 .debug_aranges
                0x0000000000000000       0x28 Core/Src/it.o
 .debug_aranges
                0x0000000000000028       0x40 Core/Src/main.o
 .debug_aranges
                0x0000000000000068       0x28 Core/Src/msp.o
 .debug_aranges
                0x0000000000000090       0x28 Core/Src/system_stm32f4xx.o
 .debug_aranges
                0x00000000000000b8       0x28 Core/Startup/startup_stm32f446retx.o
 .debug_aranges
                0x00000000000000e0       0xf0 Drivers/STM32F4xx_HAL_Driver/Src/stm32f4xx_hal.o
 .debug_aranges
                0x00000000000001d0      0x118 Drivers/STM32F4xx_HAL_Driver/Src/stm32f4xx_hal_cortex.o
 .debug_aranges
                0x00000000000002e8       0x90 Drivers/STM32F4xx_HAL_Driver/Src/stm32f4xx_hal_dma.o
 .debug_aranges
                0x0000000000000378       0x58 Drivers/STM32F4xx_HAL_Driver/Src/stm32f4xx_hal_gpio.o
 .debug_aranges
                0x00000000000003d0       0x88 Drivers/STM32F4xx_HAL_Driver/Src/stm32f4xx_hal_rcc.o
 .debug_aranges
                0x0000000000000458      0x1d0 Drivers/STM32F4xx_HAL_Driver/Src/stm32f4xx_hal_uart.o

.debug_ranges   0x0000000000000000      0x580
 .debug_ranges  0x0000000000000000       0x18 Core/Src/it.o
 .debug_ranges  0x0000000000000018       0x30 Core/Src/main.o
 .debug_ranges  0x0000000000000048       0x18 Core/Src/msp.o
 .debug_ranges  0x0000000000000060       0x18 Core/Src/system_stm32f4xx.o
 .debug_ranges  0x0000000000000078       0x20 Core/Startup/startup_stm32f446retx.o
 .debug_ranges  0x0000000000000098       0xe0 Drivers/STM32F4xx_HAL_Driver/Src/stm32f4xx_hal.o
 .debug_ranges  0x0000000000000178      0x108 Drivers/STM32F4xx_HAL_Driver/Src/stm32f4xx_hal_cortex.o
 .debug_ranges  0x0000000000000280       0x80 Drivers/STM32F4xx_HAL_Driver/Src/stm32f4xx_hal_dma.o
 .debug_ranges  0x0000000000000300       0x48 Drivers/STM32F4xx_HAL_Driver/Src/stm32f4xx_hal_gpio.o
 .debug_ranges  0x0000000000000348       0x78 Drivers/STM32F4xx_HAL_Driver/Src/stm32f4xx_hal_rcc.o
 .debug_ranges  0x00000000000003c0      0x1c0 Drivers/STM32F4xx_HAL_Driver/Src/stm32f4xx_hal_uart.o

.debug_macro    0x0000000000000000    0x2088c
 .debug_macro   0x0000000000000000      0x1c4 Core/Src/it.o
 .debug_macro   0x00000000000001c4      0xa5a Core/Src/it.o
 .debug_macro   0x0000000000000c1e      0x28e Core/Src/it.o
 .debug_macro   0x0000000000000eac       0x2e Core/Src/it.o
 .debug_macro   0x0000000000000eda       0x28 Core/Src/it.o
 .debug_macro   0x0000000000000f02       0x22 Core/Src/it.o
 .debug_macro   0x0000000000000f24       0x8e Core/Src/it.o
 .debug_macro   0x0000000000000fb2       0x51 Core/Src/it.o
 .debug_macro   0x0000000000001003       0xef Core/Src/it.o
 .debug_macro   0x00000000000010f2       0x6a Core/Src/it.o
 .debug_macro   0x000000000000115c      0x1df Core/Src/it.o
 .debug_macro   0x000000000000133b       0x1c Core/Src/it.o
 .debug_macro   0x0000000000001357       0x22 Core/Src/it.o
 .debug_macro   0x0000000000001379       0xdf Core/Src/it.o
 .debug_macro   0x0000000000001458     0x102d Core/Src/it.o
 .debug_macro   0x0000000000002485      0x11f Core/Src/it.o
 .debug_macro   0x00000000000025a4    0x1672d Core/Src/it.o
 .debug_macro   0x0000000000018cd1       0x43 Core/Src/it.o
 .debug_macro   0x0000000000018d14     0x3659 Core/Src/it.o
 .debug_macro   0x000000000001c36d      0x174 Core/Src/it.o
 .debug_macro   0x000000000001c4e1       0x5a Core/Src/it.o
 .debug_macro   0x000000000001c53b      0xc90 Core/Src/it.o
 .debug_macro   0x000000000001d1cb      0x9fe Core/Src/it.o
 .debug_macro   0x000000000001dbc9      0x117 Core/Src/it.o
 .debug_macro   0x000000000001dce0      0x1a0 Core/Src/it.o
 .debug_macro   0x000000000001de80       0x27 Core/Src/it.o
 .debug_macro   0x000000000001dea7      0x16d Core/Src/it.o
 .debug_macro   0x000000000001e014      0x287 Core/Src/it.o
 .debug_macro   0x000000000001e29b       0x5f Core/Src/it.o
 .debug_macro   0x000000000001e2fa      0x236 Core/Src/it.o
 .debug_macro   0x000000000001e530      0x132 Core/Src/it.o
 .debug_macro   0x000000000001e662      0x29c Core/Src/it.o
 .debug_macro   0x000000000001e8fe       0x2e Core/Src/it.o
 .debug_macro   0x000000000001e92c      0x11a Core/Src/it.o
 .debug_macro   0x000000000001ea46       0xe8 Core/Src/it.o
 .debug_macro   0x000000000001eb2e       0x89 Core/Src/it.o
 .debug_macro   0x000000000001ebb7      0x287 Core/Src/it.o
 .debug_macro   0x000000000001ee3e      0x126 Core/Src/it.o
 .debug_macro   0x000000000001ef64      0x29a Core/Src/main.o
 .debug_macro   0x000000000001f1fe       0x46 Core/Src/main.o
 .debug_macro   0x000000000001f244       0x18 Core/Src/main.o
 .debug_macro   0x000000000001f25c       0x3c Core/Src/main.o
 .debug_macro   0x000000000001f298       0x34 Core/Src/main.o
 .debug_macro   0x000000000001f2cc       0x52 Core/Src/main.o
 .debug_macro   0x000000000001f31e       0x1f Core/Src/main.o
 .debug_macro   0x000000000001f33d       0x43 Core/Src/main.o
 .debug_macro   0x000000000001f380       0x20 Core/Src/main.o
 .debug_macro   0x000000000001f3a0      0x1a3 Core/Src/main.o
 .debug_macro   0x000000000001f543      0x32a Core/Src/main.o
 .debug_macro   0x000000000001f86d       0x10 Core/Src/main.o
 .debug_macro   0x000000000001f87d       0x35 Core/Src/main.o
 .debug_macro   0x000000000001f8b2       0x20 Core/Src/main.o
 .debug_macro   0x000000000001f8d2      0x111 Core/Src/main.o
 .debug_macro   0x000000000001f9e3      0x1cc Core/Src/msp.o
 .debug_macro   0x000000000001fbaf      0x1c0 Core/Src/system_stm32f4xx.o
 .debug_macro   0x000000000001fd6f      0x21a Drivers/STM32F4xx_HAL_Driver/Src/stm32f4xx_hal.o
 .debug_macro   0x000000000001ff89      0x1ba Drivers/STM32F4xx_HAL_Driver/Src/stm32f4xx_hal_cortex.o
 .debug_macro   0x0000000000020143      0x1c0 Drivers/STM32F4xx_HAL_Driver/Src/stm32f4xx_hal_dma.o
 .debug_macro   0x0000000000020303      0x1f0 Drivers/STM32F4xx_HAL_Driver/Src/stm32f4xx_hal_gpio.o
 .debug_macro   0x00000000000204f3      0x1de Drivers/STM32F4xx_HAL_Driver/Src/stm32f4xx_hal_rcc.o
 .debug_macro   0x00000000000206d1      0x1bb Drivers/STM32F4xx_HAL_Driver/Src/stm32f4xx_hal_uart.o

.debug_line     0x0000000000000000     0x57c6
 .debug_line    0x0000000000000000      0x66d Core/Src/it.o
 .debug_line    0x000000000000066d      0x812 Core/Src/main.o
 .debug_line    0x0000000000000e7f      0x672 Core/Src/msp.o
 .debug_line    0x00000000000014f1      0x687 Core/Src/system_stm32f4xx.o
 .debug_line    0x0000000000001b78       0x85 Core/Startup/startup_stm32f446retx.o
 .debug_line    0x0000000000001bfd      0x871 Drivers/STM32F4xx_HAL_Driver/Src/stm32f4xx_hal.o
 .debug_line    0x000000000000246e      0x995 Drivers/STM32F4xx_HAL_Driver/Src/stm32f4xx_hal_cortex.o
 .debug_line    0x0000000000002e03      0x93f Drivers/STM32F4xx_HAL_Driver/Src/stm32f4xx_hal_dma.o
 .debug_line    0x0000000000003742      0x83c Drivers/STM32F4xx_HAL_Driver/Src/stm32f4xx_hal_gpio.o
 .debug_line    0x0000000000003f7e      0x8c9 Drivers/STM32F4xx_HAL_Driver/Src/stm32f4xx_hal_rcc.o
 .debug_line    0x0000000000004847      0xf7f Drivers/STM32F4xx_HAL_Driver/Src/stm32f4xx_hal_uart.o

.debug_str      0x0000000000000000    0xc6ee6
 .debug_str     0x0000000000000000    0xc17ea Core/Src/it.o
                                      0xc1acb (size before relaxing)
 .debug_str     0x00000000000c17ea     0x37e7 Core/Src/main.o
                                      0xc52ec (size before relaxing)
 .debug_str     0x00000000000c4fd1      0x75f Core/Src/msp.o
                                      0xc21ef (size before relaxing)
 .debug_str     0x00000000000c5730       0x70 Core/Src/system_stm32f4xx.o
                                      0xc1856 (size before relaxing)
 .debug_str     0x00000000000c57a0       0x36 Core/Startup/startup_stm32f446retx.o
                                         0x5f (size before relaxing)
 .debug_str     0x00000000000c57d6      0x58d Drivers/STM32F4xx_HAL_Driver/Src/stm32f4xx_hal.o
                                      0xc2364 (size before relaxing)
 .debug_str     0x00000000000c5d63      0x399 Drivers/STM32F4xx_HAL_Driver/Src/stm32f4xx_hal_cortex.o
                                      0xc212e (size before relaxing)
 .debug_str     0x00000000000c60fc      0x322 Drivers/STM32F4xx_HAL_Driver/Src/stm32f4xx_hal_dma.o
                                      0xc1c46 (size before relaxing)
 .debug_str     0x00000000000c641e      0x228 Drivers/STM32F4xx_HAL_Driver/Src/stm32f4xx_hal_gpio.o
                                      0xc1a95 (size before relaxing)
 .debug_str     0x00000000000c6646      0x383 Drivers/STM32F4xx_HAL_Driver/Src/stm32f4xx_hal_rcc.o
                                      0xc1c48 (size before relaxing)
 .debug_str     0x00000000000c69c9      0x51d Drivers/STM32F4xx_HAL_Driver/Src/stm32f4xx_hal_uart.o
                                      0xc207d (size before relaxing)

.comment        0x0000000000000000       0x7b
 .comment       0x0000000000000000       0x7b Core/Src/it.o
                                         0x7c (size before relaxing)
 .comment       0x000000000000007b       0x7c Core/Src/main.o
 .comment       0x000000000000007b       0x7c Core/Src/msp.o
 .comment       0x000000000000007b       0x7c Core/Src/system_stm32f4xx.o
 .comment       0x000000000000007b       0x7c Drivers/STM32F4xx_HAL_Driver/Src/stm32f4xx_hal.o
 .comment       0x000000000000007b       0x7c Drivers/STM32F4xx_HAL_Driver/Src/stm32f4xx_hal_cortex.o
 .comment       0x000000000000007b       0x7c Drivers/STM32F4xx_HAL_Driver/Src/stm32f4xx_hal_dma.o
 .comment       0x000000000000007b       0x7c Drivers/STM32F4xx_HAL_Driver/Src/stm32f4xx_hal_gpio.o
 .comment       0x000000000000007b       0x7c Drivers/STM32F4xx_HAL_Driver/Src/stm32f4xx_hal_rcc.o
 .comment       0x000000000000007b       0x7c Drivers/STM32F4xx_HAL_Driver/Src/stm32f4xx_hal_uart.o

.debug_frame    0x0000000000000000     0x1800
 .debug_frame   0x0000000000000000       0x48 Core/Src/it.o
 .debug_frame   0x0000000000000048       0xa8 Core/Src/main.o
 .debug_frame   0x00000000000000f0       0x50 Core/Src/msp.o
 .debug_frame   0x0000000000000140       0x58 Core/Src/system_stm32f4xx.o
 .debug_frame   0x0000000000000198      0x374 Drivers/STM32F4xx_HAL_Driver/Src/stm32f4xx_hal.o
 .debug_frame   0x000000000000050c      0x498 Drivers/STM32F4xx_HAL_Driver/Src/stm32f4xx_hal_cortex.o
 .debug_frame   0x00000000000009a4      0x250 Drivers/STM32F4xx_HAL_Driver/Src/stm32f4xx_hal_dma.o
 .debug_frame   0x0000000000000bf4      0x14c Drivers/STM32F4xx_HAL_Driver/Src/stm32f4xx_hal_gpio.o
 .debug_frame   0x0000000000000d40      0x1f0 Drivers/STM32F4xx_HAL_Driver/Src/stm32f4xx_hal_rcc.o
 .debug_frame   0x0000000000000f30      0x844 Drivers/STM32F4xx_HAL_Driver/Src/stm32f4xx_hal_uart.o
 .debug_frame   0x0000000000001774       0x2c /opt/st/stm32cubeide_1.5.0/plugins/com.st.stm32cube.ide.mcu.externaltools.gnu-tools-for-stm32.7-2018-q2-update.linux64_1.5.0.202011040924/tools/bin/../lib/gcc/arm-none-eabi/7.3.1/../../../../arm-none-eabi/lib/thumb/v7e-m/fpv4-sp/hard/libc_nano.a(lib_a-init.o)
 .debug_frame   0x00000000000017a0       0x2c /opt/st/stm32cubeide_1.5.0/plugins/com.st.stm32cube.ide.mcu.externaltools.gnu-tools-for-stm32.7-2018-q2-update.linux64_1.5.0.202011040924/tools/bin/../lib/gcc/arm-none-eabi/7.3.1/thumb/v7e-m/fpv4-sp/hard/libgcc.a(_aeabi_uldivmod.o)
 .debug_frame   0x00000000000017cc       0x34 /opt/st/stm32cubeide_1.5.0/plugins/com.st.stm32cube.ide.mcu.externaltools.gnu-tools-for-stm32.7-2018-q2-update.linux64_1.5.0.202011040924/tools/bin/../lib/gcc/arm-none-eabi/7.3.1/thumb/v7e-m/fpv4-sp/hard/libgcc.a(_udivmoddi4.o)
